# FRAME reference engine, spec 102 -> 103, three-node local network, 2026-10-05
PASS  runtime is five pallets and nothing else  (System, Timestamp, Aura, Grandpa, Seeds)
PASS  genesis: three founders
PASS  founders hold nothing: joining mints no units  (0 units)
PASS  there is no transfer call: units are a record, not a currency
PASS  founding control is on
PASS  two validators at genesis
PASS  a non-member cannot write, refused before the pool  (1010: Invalid Transaction: Invalid signing address)
PASS  one witness is not enough
PASS  witnesses must agree on the evidence  (seeds.CandidacyMismatch)
PASS  second witness admits Dave, and nothing is minted  (seeds.Witnessed seeds.Admitted)
PASS  Dave arrives with a vote and an empty balance
PASS  Dave can now write, feelessly
PASS  a claim signed for another network is refused  (1010: Invalid Transaction: Transaction has a bad signature)
PASS  a claim signed for someone else is refused  (1010: Invalid Transaction: Transaction has a bad signature)
PASS  Ferdie's old key moves the snapshot to Dave, unsigned by Dave  (1000 units)
PASS  nothing left unclaimed
PASS  Dave queues for a seat
PASS  a point with no bond, matures at #60; one challenge is below the threshold of three
PASS  three challenges fail a point: nothing minted, a strike on the proposer  (strikes 1)
      waiting for the upgrade vote to end at #36
PASS  a founder's upgrade with no objection is authorised  (system.UpgradeAuthorized seeds.MotionClosed)
PASS  any member applies the authorised code: forkless upgrade, no sudo  (102 -> 103)
      waiting for the founding vote to end at #60
PASS  members vote founding control away, 3 of 4
      waiting for the point to mature at #60
PASS  the point matured  (Matured)
PASS  the maturity mint, the only one  (1010 units)
PASS  issuance = one maturity + the snapshot, nothing else  (1010 units)
      waiting for the era to turn at #100
PASS  at the era, Dave's keys join Aura
PASS  Seeds records three seats
PASS  GRANDPA finalises past the set change with three voters  (finalised #117)
ALL PASS at #120
